閫傜敤浜?.NET Framework MSBuild 鐗堟湰 18.10.1-1.26427.6+3cd27c13e

  Checking File Globs
  1>Checking Build System
  Generating myJV_artefacts/JuceLibraryCode/myJV_resources.rc
  Building Custom Rule D:/Workspace/myJV/CMakeLists.txt
  myJV_rc_lib.vcxproj -> D:\Workspace\myJV\build\myJV_rc_lib.dir\Release\myJV_rc_lib.lib
  Building Custom Rule D:/Workspace/myJV/CMakeLists.txt
  MyJVProcessor.cpp
  juce_audio_processors.cpp
  juce_audio_processors_ara.cpp
  juce_audio_processors_lv2_libs.cpp
  juce_gui_extra.cpp
  juce_gui_basics.cpp
  juce_graphics.cpp
  juce_graphics_Harfbuzz.cpp
  juce_events.cpp
  juce_core.cpp
  juce_core_CompilationTime.cpp
  juce_data_structures.cpp
  juce_audio_basics.cpp
  juce_audio_utils.cpp
  juce_audio_formats.cpp
  juce_audio_devices.cpp
D:\Workspace\myJV\build\_deps\juce-src\modules\juce_graphics\fonts\harfbuzz\hb.hh(1,1): warning C4819: 璇ユ枃浠跺寘鍚笉鑳藉湪褰撳墠浠ｇ爜椤?936)涓〃绀虹殑瀛楃銆傝灏嗚鏂囦欢淇濆瓨涓?Unicode 鏍煎紡浠ラ槻姝㈡暟鎹涪澶?[D:\Workspace\myJV\build\myJV.vcxproj]
  (缂栬瘧婧愭枃浠垛€淿deps/juce-src/modules/juce_graphics/juce_graphics_Harfbuzz.cpp鈥?
  
D:\Workspace\myJV\build\_deps\juce-src\modules\juce_graphics\fonts\harfbuzz\hb.hh(1,1): warning C4819: 璇ユ枃浠跺寘鍚笉鑳藉湪褰撳墠浠ｇ爜椤?936)涓〃绀虹殑瀛楃銆傝灏嗚鏂囦欢淇濆瓨涓?Unicode 鏍煎紡浠ラ槻姝㈡暟鎹涪澶?[D:\Workspace\myJV\build\myJV.vcxproj]
  (缂栬瘧婧愭枃浠垛€淿deps/juce-src/modules/juce_graphics/juce_graphics_Harfbuzz.cpp鈥?
  
D:\Workspace\myJV\build\_deps\juce-src\modules\juce_graphics\fonts\harfbuzz\hb-style.h(1,1): warning C4819: 璇ユ枃浠跺寘鍚笉鑳藉湪褰撳墠浠ｇ爜椤?936)涓〃绀虹殑瀛楃銆傝灏嗚鏂囦欢淇濆瓨涓?Unicode 鏍煎紡浠ラ槻姝㈡暟鎹涪澶?[D:\Workspace\myJV\build\myJV.vcxproj]
  (缂栬瘧婧愭枃浠垛€淿deps/juce-src/modules/juce_graphics/juce_graphics_Harfbuzz.cpp鈥?
  
D:\Workspace\myJV\build\_deps\juce-src\modules\juce_graphics\fonts\harfbuzz\hb.hh(1,1): warning C4819: 璇ユ枃浠跺寘鍚笉鑳藉湪褰撳墠浠ｇ爜椤?936)涓〃绀虹殑瀛楃銆傝灏嗚鏂囦欢淇濆瓨涓?Unicode 鏍煎紡浠ラ槻姝㈡暟鎹涪澶?[D:\Workspace\myJV\build\myJV.vcxproj]
  (缂栬瘧婧愭枃浠垛€淿deps/juce-src/modules/juce_graphics/juce_graphics_Harfbuzz.cpp鈥?
  
D:\Workspace\myJV\build\_deps\juce-src\modules\juce_graphics\fonts\harfbuzz\hb.hh(1,1): warning C4819: 璇ユ枃浠跺寘鍚笉鑳藉湪褰撳墠浠ｇ爜椤?936)涓〃绀虹殑瀛楃銆傝灏嗚鏂囦欢淇濆瓨涓?Unicode 鏍煎紡浠ラ槻姝㈡暟鎹涪澶?[D:\Workspace\myJV\build\myJV.vcxproj]
  (缂栬瘧婧愭枃浠垛€淿deps/juce-src/modules/juce_graphics/juce_graphics_Harfbuzz.cpp鈥?
  
D:\Workspace\myJV\build\_deps\juce-src\modules\juce_graphics\fonts\harfbuzz\hb.hh(1,1): warning C4819: 璇ユ枃浠跺寘鍚笉鑳藉湪褰撳墠浠ｇ爜椤?936)涓〃绀虹殑瀛楃銆傝灏嗚鏂囦欢淇濆瓨涓?Unicode 鏍煎紡浠ラ槻姝㈡暟鎹涪澶?[D:\Workspace\myJV\build\myJV.vcxproj]
  (缂栬瘧婧愭枃浠垛€淿deps/juce-src/modules/juce_graphics/juce_graphics_Harfbuzz.cpp鈥?
  
D:\Workspace\myJV\build\_deps\juce-src\modules\juce_graphics\fonts\harfbuzz\hb.hh(1,1): warning C4819: 璇ユ枃浠跺寘鍚笉鑳藉湪褰撳墠浠ｇ爜椤?936)涓〃绀虹殑瀛楃銆傝灏嗚鏂囦欢淇濆瓨涓?Unicode 鏍煎紡浠ラ槻姝㈡暟鎹涪澶?[D:\Workspace\myJV\build\myJV.vcxproj]
  (缂栬瘧婧愭枃浠垛€淿deps/juce-src/modules/juce_graphics/juce_graphics_Harfbuzz.cpp鈥?
  
D:\Workspace\myJV\build\_deps\juce-src\modules\juce_graphics\fonts\harfbuzz\hb-algs.hh(1,1): warning C4819: 璇ユ枃浠跺寘鍚笉鑳藉湪褰撳墠浠ｇ爜椤?936)涓〃绀虹殑瀛楃銆傝灏嗚鏂囦欢淇濆瓨涓?Unicode 鏍煎紡浠ラ槻姝㈡暟鎹涪澶?[D:\Workspace\myJV\build\myJV.vcxproj]
  (缂栬瘧婧愭枃浠垛€淿deps/juce-src/modules/juce_graphics/juce_graphics_Harfbuzz.cpp鈥?
  
D:\Workspace\myJV\build\_deps\juce-src\modules\juce_graphics\fonts\harfbuzz\hb.hh(1,1): warning C4819: 璇ユ枃浠跺寘鍚笉鑳藉湪褰撳墠浠ｇ爜椤?936)涓〃绀虹殑瀛楃銆傝灏嗚鏂囦欢淇濆瓨涓?Unicode 鏍煎紡浠ラ槻姝㈡暟鎹涪澶?[D:\Workspace\myJV\build\myJV.vcxproj]
  (缂栬瘧婧愭枃浠垛€淿deps/juce-src/modules/juce_graphics/juce_graphics_Harfbuzz.cpp鈥?
  
D:\Workspace\myJV\build\_deps\juce-src\modules\juce_graphics\fonts\harfbuzz\hb.hh(1,1): warning C4819: 璇ユ枃浠跺寘鍚笉鑳藉湪褰撳墠浠ｇ爜椤?936)涓〃绀虹殑瀛楃銆傝灏嗚鏂囦欢淇濆瓨涓?Unicode 鏍煎紡浠ラ槻姝㈡暟鎹涪澶?[D:\Workspace\myJV\build\myJV.vcxproj]
  (缂栬瘧婧愭枃浠垛€淿deps/juce-src/modules/juce_graphics/juce_graphics_Harfbuzz.cpp鈥?
  
D:\Workspace\myJV\build\_deps\juce-src\modules\juce_graphics\fonts\harfbuzz\hb.hh(1,1): warning C4819: 璇ユ枃浠跺寘鍚笉鑳藉湪褰撳墠浠ｇ爜椤?936)涓〃绀虹殑瀛楃銆傝灏嗚鏂囦欢淇濆瓨涓?Unicode 鏍煎紡浠ラ槻姝㈡暟鎹涪澶?[D:\Workspace\myJV\build\myJV.vcxproj]
  (缂栬瘧婧愭枃浠垛€淿deps/juce-src/modules/juce_graphics/juce_graphics_Harfbuzz.cpp鈥?
  
D:\Workspace\myJV\build\_deps\juce-src\modules\juce_graphics\fonts\harfbuzz\hb.hh(1,1): warning C4819: 璇ユ枃浠跺寘鍚笉鑳藉湪褰撳墠浠ｇ爜椤?936)涓〃绀虹殑瀛楃銆傝灏嗚鏂囦欢淇濆瓨涓?Unicode 鏍煎紡浠ラ槻姝㈡暟鎹涪澶?[D:\Workspace\myJV\build\myJV.vcxproj]
  (缂栬瘧婧愭枃浠垛€淿deps/juce-src/modules/juce_graphics/juce_graphics_Harfbuzz.cpp鈥?
  
D:\Workspace\myJV\build\_deps\juce-src\modules\juce_graphics\fonts\harfbuzz\hb.hh(1,1): warning C4819: 璇ユ枃浠跺寘鍚笉鑳藉湪褰撳墠浠ｇ爜椤?936)涓〃绀虹殑瀛楃銆傝灏嗚鏂囦欢淇濆瓨涓?Unicode 鏍煎紡浠ラ槻姝㈡暟鎹涪澶?[D:\Workspace\myJV\build\myJV.vcxproj]
  (缂栬瘧婧愭枃浠垛€淿deps/juce-src/modules/juce_graphics/juce_graphics_Harfbuzz.cpp鈥?
  
D:\Workspace\myJV\build\_deps\juce-src\modules\juce_graphics\fonts\harfbuzz\hb.hh(1,1): warning C4819: 璇ユ枃浠跺寘鍚笉鑳藉湪褰撳墠浠ｇ爜椤?936)涓〃绀虹殑瀛楃銆傝灏嗚鏂囦欢淇濆瓨涓?Unicode 鏍煎紡浠ラ槻姝㈡暟鎹涪澶?[D:\Workspace\myJV\build\myJV.vcxproj]
  (缂栬瘧婧愭枃浠垛€淿deps/juce-src/modules/juce_graphics/juce_graphics_Harfbuzz.cpp鈥?
  
D:\Workspace\myJV\build\_deps\juce-src\modules\juce_graphics\fonts\harfbuzz\hb-ot-layout-common.hh(1,1): warning C4819: 璇ユ枃浠跺寘鍚笉鑳藉湪褰撳墠浠ｇ爜椤?936)涓〃绀虹殑瀛楃銆傝灏嗚鏂囦欢淇濆瓨涓?Unicode 鏍煎紡浠ラ槻姝㈡暟鎹涪澶?[D:\Workspace\myJV\build\myJV.vcxproj]
  (缂栬瘧婧愭枃浠垛€淿deps/juce-src/modules/juce_graphics/juce_graphics_Harfbuzz.cpp鈥?
  
D:\Workspace\myJV\build\_deps\juce-src\modules\juce_graphics\fonts\harfbuzz\hb-ot-head-table.hh(1,1): warning C4819: 璇ユ枃浠跺寘鍚笉鑳藉湪褰撳墠浠ｇ爜椤?936)涓〃绀虹殑瀛楃銆傝灏嗚鏂囦欢淇濆瓨涓?Unicode 鏍煎紡浠ラ槻姝㈡暟鎹涪澶?[D:\Workspace\myJV\build\myJV.vcxproj]
  (缂栬瘧婧愭枃浠垛€淿deps/juce-src/modules/juce_graphics/juce_graphics_Harfbuzz.cpp鈥?
  
D:\Workspace\myJV\build\_deps\juce-src\modules\juce_graphics\fonts\harfbuzz\hb-ot-var-mvar-table.hh(1,1): warning C4819: 璇ユ枃浠跺寘鍚笉鑳藉湪褰撳墠浠ｇ爜椤?936)涓〃绀虹殑瀛楃銆傝灏嗚鏂囦欢淇濆瓨涓?Unicode 鏍煎紡浠ラ槻姝㈡暟鎹涪澶?[D:\Workspace\myJV\build\myJV.vcxproj]
  (缂栬瘧婧愭枃浠垛€淿deps/juce-src/modules/juce_graphics/juce_graphics_Harfbuzz.cpp鈥?
  
D:\Workspace\myJV\build\_deps\juce-src\modules\juce_graphics\fonts\harfbuzz\hb-ot-var-common.hh(1,1): warning C4819: 璇ユ枃浠跺寘鍚笉鑳藉湪褰撳墠浠ｇ爜椤?936)涓〃绀虹殑瀛楃銆傝灏嗚鏂囦欢淇濆瓨涓?Unicode 鏍煎紡浠ラ槻姝㈡暟鎹涪澶?[D:\Workspace\myJV\build\myJV.vcxproj]
  (缂栬瘧婧愭枃浠垛€淿deps/juce-src/modules/juce_graphics/juce_graphics_Harfbuzz.cpp鈥?
  
D:\Workspace\myJV\build\_deps\juce-src\modules\juce_core\text\juce_CharacterFunctions.cpp(1,1): warning C4819: 璇ユ枃浠跺寘鍚笉鑳藉湪褰撳墠浠ｇ爜椤?936)涓〃绀虹殑瀛楃銆傝灏嗚鏂囦欢淇濆瓨涓?Unicode 鏍煎紡浠ラ槻姝㈡暟鎹涪澶?[D:\Workspace\myJV\build\myJV.vcxproj]
  (缂栬瘧婧愭枃浠垛€淿deps/juce-src/modules/juce_core/juce_core.cpp鈥?
  
D:\Workspace\myJV\build\_deps\juce-src\modules\juce_graphics\fonts\harfbuzz\hb-style.h(1,1): warning C4819: 璇ユ枃浠跺寘鍚笉鑳藉湪褰撳墠浠ｇ爜椤?936)涓〃绀虹殑瀛楃銆傝灏嗚鏂囦欢淇濆瓨涓?Unicode 鏍煎紡浠ラ槻姝㈡暟鎹涪澶?[D:\Workspace\myJV\build\myJV.vcxproj]
  (缂栬瘧婧愭枃浠垛€淿deps/juce-src/modules/juce_graphics/juce_graphics.cpp鈥?
  
D:\Workspace\myJV\build\_deps\juce-src\modules\juce_graphics\fonts\harfbuzz\hb-common.cc(1,1): warning C4819: 璇ユ枃浠跺寘鍚笉鑳藉湪褰撳墠浠ｇ爜椤?936)涓〃绀虹殑瀛楃銆傝灏嗚鏂囦欢淇濆瓨涓?Unicode 鏍煎紡浠ラ槻姝㈡暟鎹涪澶?[D:\Workspace\myJV\build\myJV.vcxproj]
  (缂栬瘧婧愭枃浠垛€淿deps/juce-src/modules/juce_graphics/juce_graphics_Harfbuzz.cpp鈥?
  
D:\Workspace\myJV\build\_deps\juce-src\modules\juce_graphics\fonts\harfbuzz\hb-ot-var-fvar-table.hh(1,1): warning C4819: 璇ユ枃浠跺寘鍚笉鑳藉湪褰撳墠浠ｇ爜椤?936)涓〃绀虹殑瀛楃銆傝灏嗚鏂囦欢淇濆瓨涓?Unicode 鏍煎紡浠ラ槻姝㈡暟鎹涪澶?[D:\Workspace\myJV\build\myJV.vcxproj]
  (缂栬瘧婧愭枃浠垛€淿deps/juce-src/modules/juce_graphics/juce_graphics_Harfbuzz.cpp鈥?
  
D:\Workspace\myJV\build\_deps\juce-src\modules\juce_graphics\fonts\harfbuzz\OT\Color\sbix\sbix.hh(1,1): warning C4819: 璇ユ枃浠跺寘鍚笉鑳藉湪褰撳墠浠ｇ爜椤?936)涓〃绀虹殑瀛楃銆傝灏嗚鏂囦欢淇濆瓨涓?Unicode 鏍煎紡浠ラ槻姝㈡暟鎹涪澶?[D:\Workspace\myJV\build\myJV.vcxproj]
  (缂栬瘧婧愭枃浠垛€淿deps/juce-src/modules/juce_graphics/juce_graphics_Harfbuzz.cpp鈥?
  
D:\Workspace\myJV\Source\Plugin\MyJVProcessor.cpp(40,12): error C2065: 鈥淛ucePlugin_AcceptsMidi鈥? 鏈０鏄庣殑鏍囪瘑绗?[D:\Workspace\myJV\build\myJV.vcxproj]
D:\Workspace\myJV\Source\Plugin\MyJVProcessor.cpp(45,12): error C2065: 鈥淛ucePlugin_ProducesMidi鈥? 鏈０鏄庣殑鏍囪瘑绗?[D:\Workspace\myJV\build\myJV.vcxproj]
D:\Workspace\myJV\build\_deps\juce-src\modules\juce_graphics\fonts\harfbuzz\hb-ot-meta-table.hh(1,1): warning C4819: 璇ユ枃浠跺寘鍚笉鑳藉湪褰撳墠浠ｇ爜椤?936)涓〃绀虹殑瀛楃銆傝灏嗚鏂囦欢淇濆瓨涓?Unicode 鏍煎紡浠ラ槻姝㈡暟鎹涪澶?[D:\Workspace\myJV\build\myJV.vcxproj]
  (缂栬瘧婧愭枃浠垛€淿deps/juce-src/modules/juce_graphics/juce_graphics_Harfbuzz.cpp鈥?
  
D:\Workspace\myJV\build\_deps\juce-src\modules\juce_graphics\fonts\harfbuzz\hb-ot-stat-table.hh(1,1): warning C4819: 璇ユ枃浠跺寘鍚笉鑳藉湪褰撳墠浠ｇ爜椤?936)涓〃绀虹殑瀛楃銆傝灏嗚鏂囦欢淇濆瓨涓?Unicode 鏍煎紡浠ラ槻姝㈡暟鎹涪澶?[D:\Workspace\myJV\build\myJV.vcxproj]
  (缂栬瘧婧愭枃浠垛€淿deps/juce-src/modules/juce_graphics/juce_graphics_Harfbuzz.cpp鈥?
  
D:\Workspace\myJV\build\_deps\juce-src\modules\juce_graphics\fonts\harfbuzz\hb-ot-layout-base-table.hh(1,1): warning C4819: 璇ユ枃浠跺寘鍚笉鑳藉湪褰撳墠浠ｇ爜椤?936)涓〃绀虹殑瀛楃銆傝灏嗚鏂囦欢淇濆瓨涓?Unicode 鏍煎紡浠ラ槻姝㈡暟鎹涪澶?[D:\Workspace\myJV\build\myJV.vcxproj]
  (缂栬瘧婧愭枃浠垛€淿deps/juce-src/modules/juce_graphics/juce_graphics_Harfbuzz.cpp鈥?
  
D:\Workspace\myJV\build\_deps\juce-src\modules\juce_graphics\fonts\harfbuzz\hb-ot-layout.cc(814,1): warning C4819: 璇ユ枃浠跺寘鍚笉鑳藉湪褰撳墠浠ｇ爜椤?936)涓〃绀虹殑瀛楃銆傝灏嗚鏂囦欢淇濆瓨涓?Unicode 鏍煎紡浠ラ槻姝㈡暟鎹涪澶?[D:\Workspace\myJV\build\myJV.vcxproj]
  (缂栬瘧婧愭枃浠垛€淿deps/juce-src/modules/juce_graphics/juce_graphics_Harfbuzz.cpp鈥?
  
D:\Workspace\myJV\build\_deps\juce-src\modules\juce_graphics\fonts\harfbuzz\hb-ot-layout.cc(1715,1): warning C4819: 璇ユ枃浠跺寘鍚笉鑳藉湪褰撳墠浠ｇ爜椤?936)涓〃绀虹殑瀛楃銆傝灏嗚鏂囦欢淇濆瓨涓?Unicode 鏍煎紡浠ラ槻姝㈡暟鎹涪澶?[D:\Workspace\myJV\build\myJV.vcxproj]
  (缂栬瘧婧愭枃浠垛€淿deps/juce-src/modules/juce_graphics/juce_graphics_Harfbuzz.cpp鈥?
  
D:\Workspace\myJV\build\_deps\juce-src\modules\juce_graphics\fonts\harfbuzz\hb-ot-math.cc(1,1): warning C4819: 璇ユ枃浠跺寘鍚笉鑳藉湪褰撳墠浠ｇ爜椤?936)涓〃绀虹殑瀛楃銆傝灏嗚鏂囦欢淇濆瓨涓?Unicode 鏍煎紡浠ラ槻姝㈡暟鎹涪澶?[D:\Workspace\myJV\build\myJV.vcxproj]
  (缂栬瘧婧愭枃浠垛€淿deps/juce-src/modules/juce_graphics/juce_graphics_Harfbuzz.cpp鈥?
  
D:\Workspace\myJV\build\_deps\juce-src\modules\juce_graphics\fonts\harfbuzz\hb-ot-shaper-indic.cc(847,1): warning C4819: 璇ユ枃浠跺寘鍚笉鑳藉湪褰撳墠浠ｇ爜椤?936)涓〃绀虹殑瀛楃銆傝灏嗚鏂囦欢淇濆瓨涓?Unicode 鏍煎紡浠ラ槻姝㈡暟鎹涪澶?[D:\Workspace\myJV\build\myJV.vcxproj]
  (缂栬瘧婧愭枃浠垛€淿deps/juce-src/modules/juce_graphics/juce_graphics_Harfbuzz.cpp鈥?
  
D:\Workspace\myJV\build\_deps\juce-src\modules\juce_graphics\fonts\harfbuzz\hb-ot-shaper-thai.cc(1,1): warning C4819: 璇ユ枃浠跺寘鍚笉鑳藉湪褰撳墠浠ｇ爜椤?936)涓〃绀虹殑瀛楃銆傝灏嗚鏂囦欢淇濆瓨涓?Unicode 鏍煎紡浠ラ槻姝㈡暟鎹涪澶?[D:\Workspace\myJV\build\myJV.vcxproj]
  (缂栬瘧婧愭枃浠垛€淿deps/juce-src/modules/juce_graphics/juce_graphics_Harfbuzz.cpp鈥?
  
D:\Workspace\myJV\build\_deps\juce-src\modules\juce_graphics\fonts\harfbuzz\hb-ot-tag-table.hh(380,1): warning C4819: 璇ユ枃浠跺寘鍚笉鑳藉湪褰撳墠浠ｇ爜椤?936)涓〃绀虹殑瀛楃銆傝灏嗚鏂囦欢淇濆瓨涓?Unicode 鏍煎紡浠ラ槻姝㈡暟鎹涪澶?[D:\Workspace\myJV\build\myJV.vcxproj]
  (缂栬瘧婧愭枃浠垛€淿deps/juce-src/modules/juce_graphics/juce_graphics_Harfbuzz.cpp鈥?
  
D:\Workspace\myJV\build\_deps\juce-src\modules\juce_graphics\fonts\harfbuzz\hb-ot-tag-table.hh(1088,1): warning C4819: 璇ユ枃浠跺寘鍚笉鑳藉湪褰撳墠浠ｇ爜椤?936)涓〃绀虹殑瀛楃銆傝灏嗚鏂囦欢淇濆瓨涓?Unicode 鏍煎紡浠ラ槻姝㈡暟鎹涪澶?[D:\Workspace\myJV\build\myJV.vcxproj]
  (缂栬瘧婧愭枃浠垛€淿deps/juce-src/modules/juce_graphics/juce_graphics_Harfbuzz.cpp鈥?
  
  Building Custom Rule D:/Workspace/myJV/CMakeLists.txt
  juce_VST3ManifestHelper.cpp
  myJV_vst3_helper.vcxproj -> D:\Workspace\myJV\build\Release\myJV_vst3_helper.exe
