-- Selecting Windows SDK version 10.0.26100.0 to target Windows 10.0.22631.
-- The CXX compiler identification is MSVC 19.51.36257.0
-- Detecting CXX compiler ABI info
-- Detecting CXX compiler ABI info - done
-- Check for working CXX compiler: D:/Program/MSVC/BuildTools/VC/Tools/MSVC/14.51.36231/bin/Hostx64/x64/cl.exe - skipped
-- Detecting CXX compile features
-- Detecting CXX compile features - done
-- The C compiler identification is MSVC 19.51.36257.0
-- Detecting C compiler ABI info
-- Detecting C compiler ABI info - done
-- Check for working C compiler: D:/Program/MSVC/BuildTools/VC/Tools/MSVC/14.51.36231/bin/Hostx64/x64/cl.exe - skipped
-- Detecting C compile features
-- Detecting C compile features - done
-- Configuring juceaide
-- Building juceaide
-- Exporting juceaide
-- Testing juceaide
-- Finished setting up juceaide
-- Configuring done (76.3s)
-- Generating done (0.1s)
-- Build files have been written to: D:/Workspace/myJV/build
