cmake : CMake Error: Could not create named generator Visual Studio 17 2022
所在位置 行:1 字符: 71
+ ... | Out-Null; cmake -B build -G "Visual Studio 17 2022" -A x64 2>&1 | T ...
+                 ~~~~~~~~~~~~~~~~~~~~~~~~~~~~~~~~~~~~~~~~~~~~~~~~~~~~~
    + CategoryInfo          : NotSpecified: (CMake Error: Co... Studio 17 2022:String) [], RemoteException
    + FullyQualifiedErrorId : NativeCommandError
 

Generators
* Unix Makefiles               = Generates standard UNIX makefiles.
  Ninja                        = Generates build.ninja files.
  Ninja Multi-Config           = Generates build-<Config>.ninja files.
  FASTBuild                    = Generates fbuild.bff files.
  CodeBlocks - Ninja           = Generates CodeBlocks project files
                                 (deprecated).
  CodeBlocks - Unix Makefiles  = Generates CodeBlocks project files
                                 (deprecated).
  CodeLite - Ninja             = Generates CodeLite project files
                                 (deprecated).
  CodeLite - Unix Makefiles    = Generates CodeLite project files
                                 (deprecated).
  Eclipse CDT4 - Ninja         = Generates Eclipse CDT 4.0 project files
                                 (deprecated).
  Eclipse CDT4 - Unix Makefiles= Generates Eclipse CDT 4.0 project files
                                 (deprecated).
  Kate - Ninja                 = Generates Kate project files (deprecated).
  Kate - Ninja Multi-Config    = Generates Kate project files (deprecated).
  Kate - Unix Makefiles        = Generates Kate project files (deprecated).
  Sublime Text 2 - Ninja       = Generates Sublime Text 2 project files
                                 (deprecated).
  Sublime Text 2 - Unix Makefiles
                               = Generates Sublime Text 2 project files
                                 (deprecated).

