适用于 .NET Framework MSBuild 版本 18.10.1-1.26427.6+3cd27c13e

  Checking File Globs
  1>Checking Build System
  Building Custom Rule D:/Workspace/myJV/CMakeLists.txt
  myJV_rc_lib.vcxproj -> D:\Workspace\myJV\build\myJV_rc_lib.dir\Release\myJV_rc_lib.lib
  Building Custom Rule D:/Workspace/myJV/CMakeLists.txt
  ParameterLayout.cpp
  MyJVProcessor.cpp
  juce_audio_processors.cpp
  juce_audio_processors_ara.cpp
  juce_audio_processors_lv2_libs.cpp
  juce_gui_extra.cpp
  juce_gui_basics.cpp
  juce_graphics.cpp
  juce_graphics_Harfbuzz.cpp
  juce_events.cpp
  juce_core.cpp
  juce_core_CompilationTime.cpp
  juce_data_structures.cpp
  juce_audio_basics.cpp
  juce_audio_utils.cpp
  juce_audio_formats.cpp
D:\Workspace\myJV\build\_deps\juce-src\modules\juce_graphics\fonts\harfbuzz\hb.hh(1,1): warning C4819: 该文件包含不能在当前代码页(936)中表示的字符。请将该文件保存为 Unicode 格式以防止数据丢失 [D:\Workspace\myJV\build\myJV.vcxproj]
  (编译源文件“_deps/juce-src/modules/juce_graphics/juce_graphics_Harfbuzz.cpp”)
  
D:\Workspace\myJV\build\_deps\juce-src\modules\juce_graphics\fonts\harfbuzz\hb.hh(1,1): warning C4819: 该文件包含不能在当前代码页(936)中表示的字符。请将该文件保存为 Unicode 格式以防止数据丢失 [D:\Workspace\myJV\build\myJV.vcxproj]
  (编译源文件“_deps/juce-src/modules/juce_graphics/juce_graphics_Harfbuzz.cpp”)
  
D:\Workspace\myJV\build\_deps\juce-src\modules\juce_graphics\fonts\harfbuzz\hb-style.h(1,1): warning C4819: 该文件包含不能在当前代码页(936)中表示的字符。请将该文件保存为 Unicode 格式以防止数据丢失 [D:\Workspace\myJV\build\myJV.vcxproj]
  (编译源文件“_deps/juce-src/modules/juce_graphics/juce_graphics_Harfbuzz.cpp”)
  
  juce_audio_devices.cpp
D:\Workspace\myJV\build\_deps\juce-src\modules\juce_graphics\fonts\harfbuzz\hb.hh(1,1): warning C4819: 该文件包含不能在当前代码页(936)中表示的字符。请将该文件保存为 Unicode 格式以防止数据丢失 [D:\Workspace\myJV\build\myJV.vcxproj]
  (编译源文件“_deps/juce-src/modules/juce_graphics/juce_graphics_Harfbuzz.cpp”)
  
D:\Workspace\myJV\build\_deps\juce-src\modules\juce_graphics\fonts\harfbuzz\hb.hh(1,1): warning C4819: 该文件包含不能在当前代码页(936)中表示的字符。请将该文件保存为 Unicode 格式以防止数据丢失 [D:\Workspace\myJV\build\myJV.vcxproj]
  (编译源文件“_deps/juce-src/modules/juce_graphics/juce_graphics_Harfbuzz.cpp”)
  
D:\Workspace\myJV\build\_deps\juce-src\modules\juce_graphics\fonts\harfbuzz\hb.hh(1,1): warning C4819: 该文件包含不能在当前代码页(936)中表示的字符。请将该文件保存为 Unicode 格式以防止数据丢失 [D:\Workspace\myJV\build\myJV.vcxproj]
  (编译源文件“_deps/juce-src/modules/juce_graphics/juce_graphics_Harfbuzz.cpp”)
  
D:\Workspace\myJV\build\_deps\juce-src\modules\juce_graphics\fonts\harfbuzz\hb.hh(1,1): warning C4819: 该文件包含不能在当前代码页(936)中表示的字符。请将该文件保存为 Unicode 格式以防止数据丢失 [D:\Workspace\myJV\build\myJV.vcxproj]
  (编译源文件“_deps/juce-src/modules/juce_graphics/juce_graphics_Harfbuzz.cpp”)
  
D:\Workspace\myJV\build\_deps\juce-src\modules\juce_graphics\fonts\harfbuzz\hb-algs.hh(1,1): warning C4819: 该文件包含不能在当前代码页(936)中表示的字符。请将该文件保存为 Unicode 格式以防止数据丢失 [D:\Workspace\myJV\build\myJV.vcxproj]
  (编译源文件“_deps/juce-src/modules/juce_graphics/juce_graphics_Harfbuzz.cpp”)
  
D:\Workspace\myJV\build\_deps\juce-src\modules\juce_graphics\fonts\harfbuzz\hb.hh(1,1): warning C4819: 该文件包含不能在当前代码页(936)中表示的字符。请将该文件保存为 Unicode 格式以防止数据丢失 [D:\Workspace\myJV\build\myJV.vcxproj]
  (编译源文件“_deps/juce-src/modules/juce_graphics/juce_graphics_Harfbuzz.cpp”)
  
D:\Workspace\myJV\build\_deps\juce-src\modules\juce_graphics\fonts\harfbuzz\hb.hh(1,1): warning C4819: 该文件包含不能在当前代码页(936)中表示的字符。请将该文件保存为 Unicode 格式以防止数据丢失 [D:\Workspace\myJV\build\myJV.vcxproj]
  (编译源文件“_deps/juce-src/modules/juce_graphics/juce_graphics_Harfbuzz.cpp”)
  
D:\Workspace\myJV\build\_deps\juce-src\modules\juce_graphics\fonts\harfbuzz\hb.hh(1,1): warning C4819: 该文件包含不能在当前代码页(936)中表示的字符。请将该文件保存为 Unicode 格式以防止数据丢失 [D:\Workspace\myJV\build\myJV.vcxproj]
  (编译源文件“_deps/juce-src/modules/juce_graphics/juce_graphics_Harfbuzz.cpp”)
  
D:\Workspace\myJV\build\_deps\juce-src\modules\juce_graphics\fonts\harfbuzz\hb.hh(1,1): warning C4819: 该文件包含不能在当前代码页(936)中表示的字符。请将该文件保存为 Unicode 格式以防止数据丢失 [D:\Workspace\myJV\build\myJV.vcxproj]
  (编译源文件“_deps/juce-src/modules/juce_graphics/juce_graphics_Harfbuzz.cpp”)
  
D:\Workspace\myJV\build\_deps\juce-src\modules\juce_graphics\fonts\harfbuzz\hb.hh(1,1): warning C4819: 该文件包含不能在当前代码页(936)中表示的字符。请将该文件保存为 Unicode 格式以防止数据丢失 [D:\Workspace\myJV\build\myJV.vcxproj]
  (编译源文件“_deps/juce-src/modules/juce_graphics/juce_graphics_Harfbuzz.cpp”)
  
D:\Workspace\myJV\build\_deps\juce-src\modules\juce_graphics\fonts\harfbuzz\hb.hh(1,1): warning C4819: 该文件包含不能在当前代码页(936)中表示的字符。请将该文件保存为 Unicode 格式以防止数据丢失 [D:\Workspace\myJV\build\myJV.vcxproj]
  (编译源文件“_deps/juce-src/modules/juce_graphics/juce_graphics_Harfbuzz.cpp”)
  
D:\Workspace\myJV\build\_deps\juce-src\modules\juce_graphics\fonts\harfbuzz\hb-ot-layout-common.hh(1,1): warning C4819: 该文件包含不能在当前代码页(936)中表示的字符。请将该文件保存为 Unicode 格式以防止数据丢失 [D:\Workspace\myJV\build\myJV.vcxproj]
  (编译源文件“_deps/juce-src/modules/juce_graphics/juce_graphics_Harfbuzz.cpp”)
  
D:\Workspace\myJV\build\_deps\juce-src\modules\juce_graphics\fonts\harfbuzz\hb-ot-head-table.hh(1,1): warning C4819: 该文件包含不能在当前代码页(936)中表示的字符。请将该文件保存为 Unicode 格式以防止数据丢失 [D:\Workspace\myJV\build\myJV.vcxproj]
  (编译源文件“_deps/juce-src/modules/juce_graphics/juce_graphics_Harfbuzz.cpp”)
  
D:\Workspace\myJV\build\_deps\juce-src\modules\juce_graphics\fonts\harfbuzz\hb-ot-var-mvar-table.hh(1,1): warning C4819: 该文件包含不能在当前代码页(936)中表示的字符。请将该文件保存为 Unicode 格式以防止数据丢失 [D:\Workspace\myJV\build\myJV.vcxproj]
  (编译源文件“_deps/juce-src/modules/juce_graphics/juce_graphics_Harfbuzz.cpp”)
  
D:\Workspace\myJV\build\_deps\juce-src\modules\juce_graphics\fonts\harfbuzz\hb-ot-var-common.hh(1,1): warning C4819: 该文件包含不能在当前代码页(936)中表示的字符。请将该文件保存为 Unicode 格式以防止数据丢失 [D:\Workspace\myJV\build\myJV.vcxproj]
  (编译源文件“_deps/juce-src/modules/juce_graphics/juce_graphics_Harfbuzz.cpp”)
  
D:\Workspace\myJV\build\_deps\juce-src\modules\juce_core\text\juce_CharacterFunctions.cpp(1,1): warning C4819: 该文件包含不能在当前代码页(936)中表示的字符。请将该文件保存为 Unicode 格式以防止数据丢失 [D:\Workspace\myJV\build\myJV.vcxproj]
  (编译源文件“_deps/juce-src/modules/juce_core/juce_core.cpp”)
  
D:\Workspace\myJV\build\_deps\juce-src\modules\juce_graphics\fonts\harfbuzz\hb-style.h(1,1): warning C4819: 该文件包含不能在当前代码页(936)中表示的字符。请将该文件保存为 Unicode 格式以防止数据丢失 [D:\Workspace\myJV\build\myJV.vcxproj]
  (编译源文件“_deps/juce-src/modules/juce_graphics/juce_graphics.cpp”)
  
D:\Workspace\myJV\build\_deps\juce-src\modules\juce_graphics\fonts\harfbuzz\hb-common.cc(1,1): warning C4819: 该文件包含不能在当前代码页(936)中表示的字符。请将该文件保存为 Unicode 格式以防止数据丢失 [D:\Workspace\myJV\build\myJV.vcxproj]
  (编译源文件“_deps/juce-src/modules/juce_graphics/juce_graphics_Harfbuzz.cpp”)
  
D:\Workspace\myJV\build\_deps\juce-src\modules\juce_graphics\fonts\harfbuzz\hb-ot-var-fvar-table.hh(1,1): warning C4819: 该文件包含不能在当前代码页(936)中表示的字符。请将该文件保存为 Unicode 格式以防止数据丢失 [D:\Workspace\myJV\build\myJV.vcxproj]
  (编译源文件“_deps/juce-src/modules/juce_graphics/juce_graphics_Harfbuzz.cpp”)
  
D:\Workspace\myJV\build\_deps\juce-src\modules\juce_graphics\fonts\harfbuzz\OT\Color\sbix\sbix.hh(1,1): warning C4819: 该文件包含不能在当前代码页(936)中表示的字符。请将该文件保存为 Unicode 格式以防止数据丢失 [D:\Workspace\myJV\build\myJV.vcxproj]
  (编译源文件“_deps/juce-src/modules/juce_graphics/juce_graphics_Harfbuzz.cpp”)
  
D:\Workspace\myJV\build\_deps\juce-src\modules\juce_graphics\fonts\harfbuzz\hb-ot-meta-table.hh(1,1): warning C4819: 该文件包含不能在当前代码页(936)中表示的字符。请将该文件保存为 Unicode 格式以防止数据丢失 [D:\Workspace\myJV\build\myJV.vcxproj]
  (编译源文件“_deps/juce-src/modules/juce_graphics/juce_graphics_Harfbuzz.cpp”)
  
D:\Workspace\myJV\build\_deps\juce-src\modules\juce_graphics\fonts\harfbuzz\hb-ot-stat-table.hh(1,1): warning C4819: 该文件包含不能在当前代码页(936)中表示的字符。请将该文件保存为 Unicode 格式以防止数据丢失 [D:\Workspace\myJV\build\myJV.vcxproj]
  (编译源文件“_deps/juce-src/modules/juce_graphics/juce_graphics_Harfbuzz.cpp”)
  
D:\Workspace\myJV\build\_deps\juce-src\modules\juce_graphics\fonts\harfbuzz\hb-ot-layout-base-table.hh(1,1): warning C4819: 该文件包含不能在当前代码页(936)中表示的字符。请将该文件保存为 Unicode 格式以防止数据丢失 [D:\Workspace\myJV\build\myJV.vcxproj]
  (编译源文件“_deps/juce-src/modules/juce_graphics/juce_graphics_Harfbuzz.cpp”)
  
D:\Workspace\myJV\build\_deps\juce-src\modules\juce_graphics\fonts\harfbuzz\hb-ot-layout.cc(814,1): warning C4819: 该文件包含不能在当前代码页(936)中表示的字符。请将该文件保存为 Unicode 格式以防止数据丢失 [D:\Workspace\myJV\build\myJV.vcxproj]
  (编译源文件“_deps/juce-src/modules/juce_graphics/juce_graphics_Harfbuzz.cpp”)
  
D:\Workspace\myJV\build\_deps\juce-src\modules\juce_graphics\fonts\harfbuzz\hb-ot-layout.cc(1715,1): warning C4819: 该文件包含不能在当前代码页(936)中表示的字符。请将该文件保存为 Unicode 格式以防止数据丢失 [D:\Workspace\myJV\build\myJV.vcxproj]
  (编译源文件“_deps/juce-src/modules/juce_graphics/juce_graphics_Harfbuzz.cpp”)
  
D:\Workspace\myJV\build\_deps\juce-src\modules\juce_graphics\fonts\harfbuzz\hb-ot-math.cc(1,1): warning C4819: 该文件包含不能在当前代码页(936)中表示的字符。请将该文件保存为 Unicode 格式以防止数据丢失 [D:\Workspace\myJV\build\myJV.vcxproj]
  (编译源文件“_deps/juce-src/modules/juce_graphics/juce_graphics_Harfbuzz.cpp”)
  
D:\Workspace\myJV\build\_deps\juce-src\modules\juce_graphics\fonts\harfbuzz\hb-ot-shaper-indic.cc(847,1): warning C4819: 该文件包含不能在当前代码页(936)中表示的字符。请将该文件保存为 Unicode 格式以防止数据丢失 [D:\Workspace\myJV\build\myJV.vcxproj]
  (编译源文件“_deps/juce-src/modules/juce_graphics/juce_graphics_Harfbuzz.cpp”)
  
D:\Workspace\myJV\build\_deps\juce-src\modules\juce_graphics\fonts\harfbuzz\hb-ot-shaper-thai.cc(1,1): warning C4819: 该文件包含不能在当前代码页(936)中表示的字符。请将该文件保存为 Unicode 格式以防止数据丢失 [D:\Workspace\myJV\build\myJV.vcxproj]
  (编译源文件“_deps/juce-src/modules/juce_graphics/juce_graphics_Harfbuzz.cpp”)
  
D:\Workspace\myJV\build\_deps\juce-src\modules\juce_graphics\fonts\harfbuzz\hb-ot-tag-table.hh(380,1): warning C4819: 该文件包含不能在当前代码页(936)中表示的字符。请将该文件保存为 Unicode 格式以防止数据丢失 [D:\Workspace\myJV\build\myJV.vcxproj]
  (编译源文件“_deps/juce-src/modules/juce_graphics/juce_graphics_Harfbuzz.cpp”)
  
D:\Workspace\myJV\build\_deps\juce-src\modules\juce_graphics\fonts\harfbuzz\hb-ot-tag-table.hh(1088,1): warning C4819: 该文件包含不能在当前代码页(936)中表示的字符。请将该文件保存为 Unicode 格式以防止数据丢失 [D:\Workspace\myJV\build\myJV.vcxproj]
  (编译源文件“_deps/juce-src/modules/juce_graphics/juce_graphics_Harfbuzz.cpp”)
  
  juce_graphics_Sheenbidi.c
  myJV.vcxproj -> D:\Workspace\myJV\build\myJV_artefacts\Release\myJV_SharedCode.lib
  Building Custom Rule D:/Workspace/myJV/CMakeLists.txt
  juce_VST3ManifestHelper.cpp
  myJV_vst3_helper.vcxproj -> D:\Workspace\myJV\build\Release\myJV_vst3_helper.exe
  Building Custom Rule D:/Workspace/myJV/CMakeLists.txt
  juce_audio_plugin_client_AAX.cpp
  juce_audio_plugin_client_AAX_utils.cpp
  juce_audio_plugin_client_ARA.cpp
  juce_audio_plugin_client_LV2.cpp
  juce_audio_plugin_client_Standalone.cpp
  juce_audio_plugin_client_Unity.cpp
  juce_audio_plugin_client_VST2.cpp
  juce_audio_plugin_client_VST3.cpp
    正在创建库 D:/Workspace/myJV/build/myJV_artefacts/Release/VST3/myJV.lib 和对象 D:/Workspace/myJV/build/myJV_artefacts/Release/VST3/myJV.exp
  myJV_VST3.vcxproj -> D:\Workspace\myJV\build\myJV_artefacts\Release\VST3\myJV.vst3\Contents\x86_64-win\myJV.vst3
  removing moduleinfo.json
  creating D:/Workspace/myJV/build/myJV_artefacts/Release/VST3/myJV.vst3
  Building Custom Rule D:/Workspace/myJV/build/_deps/catch2-src/src/CMakeLists.txt
  catch_benchmark.cpp
  catch_chronometer.cpp
  catch_analyse.cpp
  catch_benchmark_function.cpp
  catch_run_for_at_least.cpp
  catch_stats.cpp
  catch_generator_exception.cpp
  catch_generators.cpp
  catch_generators_random.cpp
  catch_generators_throw.cpp
  catch_reporter_automake.cpp
  catch_reporter_common_base.cpp
  catch_reporter_compact.cpp
  catch_reporter_console.cpp
  catch_reporter_cumulative_base.cpp
  catch_reporter_event_listener.cpp
  catch_reporter_helpers.cpp
  catch_reporter_json.cpp
  catch_reporter_junit.cpp
  catch_reporter_multi.cpp
  正在生成代码...
  正在编译...
  catch_reporter_registrars.cpp
  catch_reporter_sonarqube.cpp
  catch_reporter_streaming_base.cpp
  catch_reporter_tap.cpp
  catch_reporter_teamcity.cpp
  catch_reporter_xml.cpp
  catch_interfaces_capture.cpp
  catch_interfaces_config.cpp
  catch_interfaces_exception.cpp
  catch_interfaces_generatortracker.cpp
  catch_interfaces_registry_hub.cpp
  catch_interfaces_reporter.cpp
  catch_interfaces_reporter_factory.cpp
  catch_interfaces_testcase.cpp
  catch_approx.cpp
  catch_assertion_result.cpp
  catch_config.cpp
  catch_get_random_seed.cpp
  catch_message.cpp
  catch_registry_hub.cpp
  正在生成代码...
  正在编译...
  catch_session.cpp
  catch_tag_alias_autoregistrar.cpp
  catch_test_case_info.cpp
  catch_test_spec.cpp
  catch_timer.cpp
  catch_tostring.cpp
  catch_totals.cpp
  catch_translate_exception.cpp
  catch_version.cpp
  catch_assertion_handler.cpp
  catch_case_insensitive_comparisons.cpp
  catch_clara.cpp
  catch_commandline.cpp
  catch_console_colour.cpp
  catch_context.cpp
  catch_debug_console.cpp
  catch_debugger.cpp
  catch_decomposer.cpp
  catch_enforce.cpp
  catch_enum_info.cpp
  正在生成代码...
  正在编译...
  catch_errno_guard.cpp
  catch_exception_translator_registry.cpp
  catch_fatal_condition_handler.cpp
  catch_floating_point_helpers.cpp
  catch_getenv.cpp
  catch_istream.cpp
  catch_jsonwriter.cpp
  catch_lazy_expr.cpp
  catch_leak_detector.cpp
  catch_list.cpp
  catch_message_info.cpp
  catch_output_redirect.cpp
  catch_parse_numbers.cpp
  catch_polyfills.cpp
  catch_random_number_generator.cpp
  catch_random_seed_generation.cpp
  catch_reporter_registry.cpp
  catch_reporter_spec_parser.cpp
  catch_reusable_string_stream.cpp
  catch_run_context.cpp
  正在生成代码...
  正在编译...
  catch_section.cpp
  catch_singletons.cpp
  catch_source_line_info.cpp
  catch_startup_exception_registry.cpp
  catch_stdstreams.cpp
  catch_string_manip.cpp
  catch_stringref.cpp
  catch_tag_alias_registry.cpp
  catch_test_case_info_hasher.cpp
  catch_test_case_registry_impl.cpp
  catch_test_case_tracker.cpp
  catch_test_failure_exception.cpp
  catch_test_registry.cpp
  catch_test_spec_parser.cpp
  catch_textflow.cpp
  catch_uncaught_exceptions.cpp
  catch_wildcard_pattern.cpp
  catch_xmlwriter.cpp
  catch_matchers.cpp
  catch_matchers_container_properties.cpp
  正在生成代码...
  正在编译...
  catch_matchers_exception.cpp
  catch_matchers_floating_point.cpp
  catch_matchers_predicate.cpp
  catch_matchers_quantifiers.cpp
  catch_matchers_string.cpp
  catch_matchers_templated.cpp
  catch_matchers_impl.cpp
  正在生成代码...
  Catch2.vcxproj -> D:\Workspace\myJV\build\_deps\catch2-build\src\Release\Catch2.lib
  Building Custom Rule D:/Workspace/myJV/build/_deps/catch2-src/src/CMakeLists.txt
  catch_main.cpp
  Catch2WithMain.vcxproj -> D:\Workspace\myJV\build\_deps\catch2-build\src\Release\Catch2Main.lib
  Building Custom Rule D:/Workspace/myJV/CMakeLists.txt
  juce_audio_plugin_client_AAX.cpp
  juce_audio_plugin_client_AAX_utils.cpp
  juce_audio_plugin_client_ARA.cpp
  juce_audio_plugin_client_LV2.cpp
  juce_audio_plugin_client_Standalone.cpp
  juce_audio_plugin_client_Unity.cpp
  juce_audio_plugin_client_VST2.cpp
  juce_audio_plugin_client_VST3.cpp
  myJV_Standalone.vcxproj -> D:\Workspace\myJV\build\myJV_artefacts\Release\Standalone\myJV.exe
  Building Custom Rule D:/Workspace/myJV/CMakeLists.txt
  param_tests.cpp
  ParameterLayout.cpp
  juce_audio_processors.cpp
  juce_audio_processors_ara.cpp
D:\Workspace\myJV\Tests\param_tests.cpp(1,1): warning C4819: 该文件包含不能在当前代码页(936)中表示的字符。请将该文件保存为 Unicode 格式以防止数据丢失 [D:\Workspace\myJV\build\myJV_tests.vcxproj]
  juce_audio_processors_lv2_libs.cpp
  juce_gui_extra.cpp
  juce_gui_basics.cpp
  juce_graphics.cpp
  juce_graphics_Harfbuzz.cpp
  juce_events.cpp
  juce_core.cpp
  juce_core_CompilationTime.cpp
  juce_data_structures.cpp
  juce_audio_basics.cpp
D:\Workspace\myJV\build\_deps\juce-src\modules\juce_graphics\fonts\harfbuzz\hb.hh(1,1): warning C4819: 该文件包含不能在当前代码页(936)中表示的字符。请将该文件保存为 Unicode 格式以防止数据丢失 [D:\Workspace\myJV\build\myJV_tests.vcxproj]
  (编译源文件“_deps/juce-src/modules/juce_graphics/juce_graphics_Harfbuzz.cpp”)
  
D:\Workspace\myJV\build\_deps\juce-src\modules\juce_graphics\fonts\harfbuzz\hb.hh(1,1): warning C4819: 该文件包含不能在当前代码页(936)中表示的字符。请将该文件保存为 Unicode 格式以防止数据丢失 [D:\Workspace\myJV\build\myJV_tests.vcxproj]
  (编译源文件“_deps/juce-src/modules/juce_graphics/juce_graphics_Harfbuzz.cpp”)
  
D:\Workspace\myJV\build\_deps\juce-src\modules\juce_graphics\fonts\harfbuzz\hb-style.h(1,1): warning C4819: 该文件包含不能在当前代码页(936)中表示的字符。请将该文件保存为 Unicode 格式以防止数据丢失 [D:\Workspace\myJV\build\myJV_tests.vcxproj]
  (编译源文件“_deps/juce-src/modules/juce_graphics/juce_graphics_Harfbuzz.cpp”)
  
D:\Workspace\myJV\build\_deps\juce-src\modules\juce_graphics\fonts\harfbuzz\hb.hh(1,1): warning C4819: 该文件包含不能在当前代码页(936)中表示的字符。请将该文件保存为 Unicode 格式以防止数据丢失 [D:\Workspace\myJV\build\myJV_tests.vcxproj]
  (编译源文件“_deps/juce-src/modules/juce_graphics/juce_graphics_Harfbuzz.cpp”)
  
D:\Workspace\myJV\build\_deps\juce-src\modules\juce_graphics\fonts\harfbuzz\hb.hh(1,1): warning C4819: 该文件包含不能在当前代码页(936)中表示的字符。请将该文件保存为 Unicode 格式以防止数据丢失 [D:\Workspace\myJV\build\myJV_tests.vcxproj]
  (编译源文件“_deps/juce-src/modules/juce_graphics/juce_graphics_Harfbuzz.cpp”)
  
D:\Workspace\myJV\build\_deps\juce-src\modules\juce_graphics\fonts\harfbuzz\hb.hh(1,1): warning C4819: 该文件包含不能在当前代码页(936)中表示的字符。请将该文件保存为 Unicode 格式以防止数据丢失 [D:\Workspace\myJV\build\myJV_tests.vcxproj]
  (编译源文件“_deps/juce-src/modules/juce_graphics/juce_graphics_Harfbuzz.cpp”)
  
D:\Workspace\myJV\build\_deps\juce-src\modules\juce_graphics\fonts\harfbuzz\hb.hh(1,1): warning C4819: 该文件包含不能在当前代码页(936)中表示的字符。请将该文件保存为 Unicode 格式以防止数据丢失 [D:\Workspace\myJV\build\myJV_tests.vcxproj]
  (编译源文件“_deps/juce-src/modules/juce_graphics/juce_graphics_Harfbuzz.cpp”)
  
D:\Workspace\myJV\build\_deps\juce-src\modules\juce_graphics\fonts\harfbuzz\hb-algs.hh(1,1): warning C4819: 该文件包含不能在当前代码页(936)中表示的字符。请将该文件保存为 Unicode 格式以防止数据丢失 [D:\Workspace\myJV\build\myJV_tests.vcxproj]
  (编译源文件“_deps/juce-src/modules/juce_graphics/juce_graphics_Harfbuzz.cpp”)
  
D:\Workspace\myJV\build\_deps\juce-src\modules\juce_graphics\fonts\harfbuzz\hb.hh(1,1): warning C4819: 该文件包含不能在当前代码页(936)中表示的字符。请将该文件保存为 Unicode 格式以防止数据丢失 [D:\Workspace\myJV\build\myJV_tests.vcxproj]
  (编译源文件“_deps/juce-src/modules/juce_graphics/juce_graphics_Harfbuzz.cpp”)
  
D:\Workspace\myJV\build\_deps\juce-src\modules\juce_graphics\fonts\harfbuzz\hb.hh(1,1): warning C4819: 该文件包含不能在当前代码页(936)中表示的字符。请将该文件保存为 Unicode 格式以防止数据丢失 [D:\Workspace\myJV\build\myJV_tests.vcxproj]
  (编译源文件“_deps/juce-src/modules/juce_graphics/juce_graphics_Harfbuzz.cpp”)
  
D:\Workspace\myJV\build\_deps\juce-src\modules\juce_graphics\fonts\harfbuzz\hb.hh(1,1): warning C4819: 该文件包含不能在当前代码页(936)中表示的字符。请将该文件保存为 Unicode 格式以防止数据丢失 [D:\Workspace\myJV\build\myJV_tests.vcxproj]
  (编译源文件“_deps/juce-src/modules/juce_graphics/juce_graphics_Harfbuzz.cpp”)
  
D:\Workspace\myJV\build\_deps\juce-src\modules\juce_graphics\fonts\harfbuzz\hb.hh(1,1): warning C4819: 该文件包含不能在当前代码页(936)中表示的字符。请将该文件保存为 Unicode 格式以防止数据丢失 [D:\Workspace\myJV\build\myJV_tests.vcxproj]
  (编译源文件“_deps/juce-src/modules/juce_graphics/juce_graphics_Harfbuzz.cpp”)
  
D:\Workspace\myJV\build\_deps\juce-src\modules\juce_graphics\fonts\harfbuzz\hb.hh(1,1): warning C4819: 该文件包含不能在当前代码页(936)中表示的字符。请将该文件保存为 Unicode 格式以防止数据丢失 [D:\Workspace\myJV\build\myJV_tests.vcxproj]
  (编译源文件“_deps/juce-src/modules/juce_graphics/juce_graphics_Harfbuzz.cpp”)
  
D:\Workspace\myJV\build\_deps\juce-src\modules\juce_graphics\fonts\harfbuzz\hb.hh(1,1): warning C4819: 该文件包含不能在当前代码页(936)中表示的字符。请将该文件保存为 Unicode 格式以防止数据丢失 [D:\Workspace\myJV\build\myJV_tests.vcxproj]
  (编译源文件“_deps/juce-src/modules/juce_graphics/juce_graphics_Harfbuzz.cpp”)
  
D:\Workspace\myJV\build\_deps\juce-src\modules\juce_graphics\fonts\harfbuzz\hb-ot-layout-common.hh(1,1): warning C4819: 该文件包含不能在当前代码页(936)中表示的字符。请将该文件保存为 Unicode 格式以防止数据丢失 [D:\Workspace\myJV\build\myJV_tests.vcxproj]
  (编译源文件“_deps/juce-src/modules/juce_graphics/juce_graphics_Harfbuzz.cpp”)
  
D:\Workspace\myJV\build\_deps\juce-src\modules\juce_graphics\fonts\harfbuzz\hb-ot-head-table.hh(1,1): warning C4819: 该文件包含不能在当前代码页(936)中表示的字符。请将该文件保存为 Unicode 格式以防止数据丢失 [D:\Workspace\myJV\build\myJV_tests.vcxproj]
  (编译源文件“_deps/juce-src/modules/juce_graphics/juce_graphics_Harfbuzz.cpp”)
  
D:\Workspace\myJV\build\_deps\juce-src\modules\juce_graphics\fonts\harfbuzz\hb-ot-var-mvar-table.hh(1,1): warning C4819: 该文件包含不能在当前代码页(936)中表示的字符。请将该文件保存为 Unicode 格式以防止数据丢失 [D:\Workspace\myJV\build\myJV_tests.vcxproj]
  (编译源文件“_deps/juce-src/modules/juce_graphics/juce_graphics_Harfbuzz.cpp”)
  
D:\Workspace\myJV\build\_deps\juce-src\modules\juce_graphics\fonts\harfbuzz\hb-ot-var-common.hh(1,1): warning C4819: 该文件包含不能在当前代码页(936)中表示的字符。请将该文件保存为 Unicode 格式以防止数据丢失 [D:\Workspace\myJV\build\myJV_tests.vcxproj]
  (编译源文件“_deps/juce-src/modules/juce_graphics/juce_graphics_Harfbuzz.cpp”)
  
D:\Workspace\myJV\build\_deps\juce-src\modules\juce_core\text\juce_CharacterFunctions.cpp(1,1): warning C4819: 该文件包含不能在当前代码页(936)中表示的字符。请将该文件保存为 Unicode 格式以防止数据丢失 [D:\Workspace\myJV\build\myJV_tests.vcxproj]
  (编译源文件“_deps/juce-src/modules/juce_core/juce_core.cpp”)
  
D:\Workspace\myJV\build\_deps\juce-src\modules\juce_graphics\fonts\harfbuzz\hb-style.h(1,1): warning C4819: 该文件包含不能在当前代码页(936)中表示的字符。请将该文件保存为 Unicode 格式以防止数据丢失 [D:\Workspace\myJV\build\myJV_tests.vcxproj]
  (编译源文件“_deps/juce-src/modules/juce_graphics/juce_graphics.cpp”)
  
D:\Workspace\myJV\build\_deps\juce-src\modules\juce_graphics\fonts\harfbuzz\hb-common.cc(1,1): warning C4819: 该文件包含不能在当前代码页(936)中表示的字符。请将该文件保存为 Unicode 格式以防止数据丢失 [D:\Workspace\myJV\build\myJV_tests.vcxproj]
  (编译源文件“_deps/juce-src/modules/juce_graphics/juce_graphics_Harfbuzz.cpp”)
  
D:\Workspace\myJV\build\_deps\juce-src\modules\juce_graphics\fonts\harfbuzz\hb-ot-var-fvar-table.hh(1,1): warning C4819: 该文件包含不能在当前代码页(936)中表示的字符。请将该文件保存为 Unicode 格式以防止数据丢失 [D:\Workspace\myJV\build\myJV_tests.vcxproj]
  (编译源文件“_deps/juce-src/modules/juce_graphics/juce_graphics_Harfbuzz.cpp”)
  
D:\Workspace\myJV\build\_deps\juce-src\modules\juce_graphics\fonts\harfbuzz\OT\Color\sbix\sbix.hh(1,1): warning C4819: 该文件包含不能在当前代码页(936)中表示的字符。请将该文件保存为 Unicode 格式以防止数据丢失 [D:\Workspace\myJV\build\myJV_tests.vcxproj]
  (编译源文件“_deps/juce-src/modules/juce_graphics/juce_graphics_Harfbuzz.cpp”)
  
D:\Workspace\myJV\build\_deps\juce-src\modules\juce_graphics\fonts\harfbuzz\hb-ot-meta-table.hh(1,1): warning C4819: 该文件包含不能在当前代码页(936)中表示的字符。请将该文件保存为 Unicode 格式以防止数据丢失 [D:\Workspace\myJV\build\myJV_tests.vcxproj]
  (编译源文件“_deps/juce-src/modules/juce_graphics/juce_graphics_Harfbuzz.cpp”)
  
D:\Workspace\myJV\Tests\param_tests.cpp(26,34): error C3312: 找不到类型 "const `anonymous-namespace'::Layout" 的可调用 "begin" 函数 [D:\Workspace\myJV\build\myJV_tests.vcxproj]
D:\Workspace\myJV\Tests\param_tests.cpp(26,34): error C3312: 找不到类型 "const `anonymous-namespace'::Layout" 的可调用 "end" 函数 [D:\Workspace\myJV\build\myJV_tests.vcxproj]
D:\Workspace\myJV\Tests\param_tests.cpp(26,22): error C2530: “parameter”: 必须初始化引用 [D:\Workspace\myJV\build\myJV_tests.vcxproj]
D:\Workspace\myJV\Tests\param_tests.cpp(26,22): error C3531: “parameter”: 类型包含“auto”的符号必须具有初始值设定项 [D:\Workspace\myJV\build\myJV_tests.vcxproj]
D:\Workspace\myJV\Tests\param_tests.cpp(26,32): error C2143: 语法错误: 缺少“;”(在“:”的前面) [D:\Workspace\myJV\build\myJV_tests.vcxproj]
D:\Workspace\myJV\Tests\param_tests.cpp(26,40): error C2143: 语法错误: 缺少“;”(在“)”的前面) [D:\Workspace\myJV\build\myJV_tests.vcxproj]
D:\Workspace\myJV\Tests\param_tests.cpp(26,34): error C2451: 类型为“const `anonymous-namespace'::Layout”的条件表达式无效 [D:\Workspace\myJV\build\myJV_tests.vcxproj]
      D:\Workspace\myJV\Tests\param_tests.cpp(26,34):
      没有可用于执行该转换的用户定义的转换运算符，或者无法调用该运算符
  
D:\Workspace\myJV\Tests\param_tests.cpp(27,14): error C2672: “std::_Tree<std::_Tmap_traits<_Kty,_Ty,_Pr,_Alloc,false>>::emplace”: 未找到匹配的重载函数 [D:\Workspace\myJV\build\myJV_tests.vcxproj]
D:\Workspace\myJV\Tests\param_tests.cpp(27,14): error C2672:         with [D:\Workspace\myJV\build\myJV_tests.vcxproj]
D:\Workspace\myJV\Tests\param_tests.cpp(27,14): error C2672:         [ [D:\Workspace\myJV\build\myJV_tests.vcxproj]
D:\Workspace\myJV\Tests\param_tests.cpp(27,14): error C2672:             _Kty=juce::String, [D:\Workspace\myJV\build\myJV_tests.vcxproj]
D:\Workspace\myJV\Tests\param_tests.cpp(27,14): error C2672:             _Ty=const juce::RangedAudioParameter *, [D:\Workspace\myJV\build\myJV_tests.vcxproj]
D:\Workspace\myJV\Tests\param_tests.cpp(27,14): error C2672:             _Pr=std::less<juce::String>, [D:\Workspace\myJV\build\myJV_tests.vcxproj]
D:\Workspace\myJV\Tests\param_tests.cpp(27,14): error C2672:             _Alloc=std::allocator<std::pair<const juce::String,const juce::RangedAudioParameter *>> [D:\Workspace\myJV\build\myJV_tests.vcxproj]
D:\Workspace\myJV\Tests\param_tests.cpp(27,14): error C2672:         ] [D:\Workspace\myJV\build\myJV_tests.vcxproj]
      D:\Program\MSVC\BuildTools\VC\Tools\MSVC\14.51.36231\include\xtree(1058,26):
      可能是“std::pair<std::_Tree_iterator<std::_Tree_val<std::_Tree_simple_types<std::pair<const juce::String,const juce::RangedAudioParameter *>>>>,bool> std::_Tree<std::_Tmap_traits<_Kty,_Ty,_Pr,_Alloc,false>>::emplace(_Valtys ...)”
          with
          [
              _Kty=juce::String,
              _Ty=const juce::RangedAudioParameter *,
              _Pr=std::less<juce::String>,
              _Alloc=std::allocator<std::pair<const juce::String,const juce::RangedAudioParameter *>>
          ]
  
D:\Workspace\myJV\Tests\param_tests.cpp(37,5): error C2039: "size": 不是 "juce::AudioProcessorValueTreeState::ParameterLayout" 的成员 [D:\Workspace\myJV\build\myJV_tests.vcxproj]
      D:\Workspace\myJV\build\_deps\juce-src\modules\juce_audio_processors\utilities\juce_AudioProcessorValueTreeState.h(130,20):
      参见“juce::AudioProcessorValueTreeState::ParameterLayout”的声明
  
D:\Workspace\myJV\Tests\param_tests.cpp(45,34): error C3312: 找不到类型 "const juce::AudioProcessorValueTreeState::ParameterLayout" 的可调用 "begin" 函数 [D:\Workspace\myJV\build\myJV_tests.vcxproj]
D:\Workspace\myJV\Tests\param_tests.cpp(45,34): error C3312: 找不到类型 "const juce::AudioProcessorValueTreeState::ParameterLayout" 的可调用 "end" 函数 [D:\Workspace\myJV\build\myJV_tests.vcxproj]
D:\Workspace\myJV\Tests\param_tests.cpp(45,22): error C2530: “parameter”: 必须初始化引用 [D:\Workspace\myJV\build\myJV_tests.vcxproj]
D:\Workspace\myJV\Tests\param_tests.cpp(45,22): error C3531: “parameter”: 类型包含“auto”的符号必须具有初始值设定项 [D:\Workspace\myJV\build\myJV_tests.vcxproj]
D:\Workspace\myJV\Tests\param_tests.cpp(45,32): error C2143: 语法错误: 缺少“;”(在“:”的前面) [D:\Workspace\myJV\build\myJV_tests.vcxproj]
D:\Workspace\myJV\Tests\param_tests.cpp(45,40): error C2143: 语法错误: 缺少“;”(在“)”的前面) [D:\Workspace\myJV\build\myJV_tests.vcxproj]
D:\Workspace\myJV\Tests\param_tests.cpp(45,34): error C2451: 类型为“const juce::AudioProcessorValueTreeState::ParameterLayout”的条件表达式无效 [D:\Workspace\myJV\build\myJV_tests.vcxproj]
      D:\Workspace\myJV\Tests\param_tests.cpp(45,34):
      没有可用于执行该转换的用户定义的转换运算符，或者无法调用该运算符
  
D:\Workspace\myJV\Tests\param_tests.cpp(48,5): error C2039: "size": 不是 "juce::AudioProcessorValueTreeState::ParameterLayout" 的成员 [D:\Workspace\myJV\build\myJV_tests.vcxproj]
      D:\Workspace\myJV\build\_deps\juce-src\modules\juce_audio_processors\utilities\juce_AudioProcessorValueTreeState.h(130,20):
      参见“juce::AudioProcessorValueTreeState::ParameterLayout”的声明
  
D:\Workspace\myJV\Tests\param_tests.cpp(55,34): error C3312: 找不到类型 "const juce::AudioProcessorValueTreeState::ParameterLayout" 的可调用 "begin" 函数 [D:\Workspace\myJV\build\myJV_tests.vcxproj]
D:\Workspace\myJV\Tests\param_tests.cpp(55,34): error C3312: 找不到类型 "const juce::AudioProcessorValueTreeState::ParameterLayout" 的可调用 "end" 函数 [D:\Workspace\myJV\build\myJV_tests.vcxproj]
D:\Workspace\myJV\Tests\param_tests.cpp(55,22): error C2530: “parameter”: 必须初始化引用 [D:\Workspace\myJV\build\myJV_tests.vcxproj]
D:\Workspace\myJV\Tests\param_tests.cpp(55,22): error C3531: “parameter”: 类型包含“auto”的符号必须具有初始值设定项 [D:\Workspace\myJV\build\myJV_tests.vcxproj]
D:\Workspace\myJV\Tests\param_tests.cpp(55,32): error C2143: 语法错误: 缺少“;”(在“:”的前面) [D:\Workspace\myJV\build\myJV_tests.vcxproj]
D:\Workspace\myJV\Tests\param_tests.cpp(55,40): error C2143: 语法错误: 缺少“;”(在“)”的前面) [D:\Workspace\myJV\build\myJV_tests.vcxproj]
D:\Workspace\myJV\Tests\param_tests.cpp(55,34): error C2451: 类型为“const juce::AudioProcessorValueTreeState::ParameterLayout”的条件表达式无效 [D:\Workspace\myJV\build\myJV_tests.vcxproj]
      D:\Workspace\myJV\Tests\param_tests.cpp(55,34):
      没有可用于执行该转换的用户定义的转换运算符，或者无法调用该运算符
  
D:\Workspace\myJV\Tests\param_tests.cpp(57,20): error C2737: “id”: 必须初始化 const 对象 [D:\Workspace\myJV\build\myJV_tests.vcxproj]
D:\Workspace\myJV\Tests\param_tests.cpp(58,9): error C3536: “id”: 初始化之前无法使用 [D:\Workspace\myJV\build\myJV_tests.vcxproj]
D:\Workspace\myJV\Tests\param_tests.cpp(58,9): error C2512: “Catch::ScopedMessage::ScopedMessage”: 没有合适的默认构造函数可用 [D:\Workspace\myJV\build\myJV_tests.vcxproj]
      D:\Workspace\myJV\Tests\param_tests.cpp(58,9):
      尝试匹配参数列表“()”时
  
D:\Workspace\myJV\build\_deps\juce-src\modules\juce_graphics\fonts\harfbuzz\hb-ot-stat-table.hh(1,1): warning C4819: 该文件包含不能在当前代码页(936)中表示的字符。请将该文件保存为 Unicode 格式以防止数据丢失 [D:\Workspace\myJV\build\myJV_tests.vcxproj]
  (编译源文件“_deps/juce-src/modules/juce_graphics/juce_graphics_Harfbuzz.cpp”)
  
D:\Workspace\myJV\Tests\param_tests.cpp(74,34): error C3312: 找不到类型 "const juce::AudioProcessorValueTreeState::ParameterLayout" 的可调用 "begin" 函数 [D:\Workspace\myJV\build\myJV_tests.vcxproj]
D:\Workspace\myJV\Tests\param_tests.cpp(74,34): error C3312: 找不到类型 "const juce::AudioProcessorValueTreeState::ParameterLayout" 的可调用 "end" 函数 [D:\Workspace\myJV\build\myJV_tests.vcxproj]
D:\Workspace\myJV\Tests\param_tests.cpp(74,22): error C2530: “parameter”: 必须初始化引用 [D:\Workspace\myJV\build\myJV_tests.vcxproj]
D:\Workspace\myJV\Tests\param_tests.cpp(74,22): error C3531: “parameter”: 类型包含“auto”的符号必须具有初始值设定项 [D:\Workspace\myJV\build\myJV_tests.vcxproj]
D:\Workspace\myJV\Tests\param_tests.cpp(74,32): error C2143: 语法错误: 缺少“;”(在“:”的前面) [D:\Workspace\myJV\build\myJV_tests.vcxproj]
D:\Workspace\myJV\Tests\param_tests.cpp(74,40): error C2143: 语法错误: 缺少“;”(在“)”的前面) [D:\Workspace\myJV\build\myJV_tests.vcxproj]
D:\Workspace\myJV\Tests\param_tests.cpp(74,34): error C2451: 类型为“const juce::AudioProcessorValueTreeState::ParameterLayout”的条件表达式无效 [D:\Workspace\myJV\build\myJV_tests.vcxproj]
      D:\Workspace\myJV\Tests\param_tests.cpp(74,34):
      没有可用于执行该转换的用户定义的转换运算符，或者无法调用该运算符
  
D:\Workspace\myJV\Tests\param_tests.cpp(76,20): error C2737: “id”: 必须初始化 const 对象 [D:\Workspace\myJV\build\myJV_tests.vcxproj]
D:\Workspace\myJV\Tests\param_tests.cpp(78,13): error C3536: “id”: 初始化之前无法使用 [D:\Workspace\myJV\build\myJV_tests.vcxproj]
D:\Workspace\myJV\Tests\param_tests.cpp(102,34): error C3312: 找不到类型 "const juce::AudioProcessorValueTreeState::ParameterLayout" 的可调用 "begin" 函数 [D:\Workspace\myJV\build\myJV_tests.vcxproj]
D:\Workspace\myJV\Tests\param_tests.cpp(102,34): error C3312: 找不到类型 "const juce::AudioProcessorValueTreeState::ParameterLayout" 的可调用 "end" 函数 [D:\Workspace\myJV\build\myJV_tests.vcxproj]
D:\Workspace\myJV\Tests\param_tests.cpp(102,22): error C2530: “parameter”: 必须初始化引用 [D:\Workspace\myJV\build\myJV_tests.vcxproj]
D:\Workspace\myJV\Tests\param_tests.cpp(102,22): error C3531: “parameter”: 类型包含“auto”的符号必须具有初始值设定项 [D:\Workspace\myJV\build\myJV_tests.vcxproj]
D:\Workspace\myJV\Tests\param_tests.cpp(102,32): error C2143: 语法错误: 缺少“;”(在“:”的前面) [D:\Workspace\myJV\build\myJV_tests.vcxproj]
D:\Workspace\myJV\Tests\param_tests.cpp(102,40): error C2143: 语法错误: 缺少“;”(在“)”的前面) [D:\Workspace\myJV\build\myJV_tests.vcxproj]
D:\Workspace\myJV\Tests\param_tests.cpp(102,34): error C2451: 类型为“const juce::AudioProcessorValueTreeState::ParameterLayout”的条件表达式无效 [D:\Workspace\myJV\build\myJV_tests.vcxproj]
      D:\Workspace\myJV\Tests\param_tests.cpp(102,34):
      没有可用于执行该转换的用户定义的转换运算符，或者无法调用该运算符
  
D:\Workspace\myJV\Tests\param_tests.cpp(104,20): error C2737: “id”: 必须初始化 const 对象 [D:\Workspace\myJV\build\myJV_tests.vcxproj]
D:\Workspace\myJV\Tests\param_tests.cpp(109,17): error C3536: “id”: 初始化之前无法使用 [D:\Workspace\myJV\build\myJV_tests.vcxproj]
D:\Workspace\myJV\Tests\param_tests.cpp(148,34): error C3312: 找不到类型 "const juce::AudioProcessorValueTreeState::ParameterLayout" 的可调用 "begin" 函数 [D:\Workspace\myJV\build\myJV_tests.vcxproj]
D:\Workspace\myJV\Tests\param_tests.cpp(148,34): error C3312: 找不到类型 "const juce::AudioProcessorValueTreeState::ParameterLayout" 的可调用 "end" 函数 [D:\Workspace\myJV\build\myJV_tests.vcxproj]
D:\Workspace\myJV\Tests\param_tests.cpp(148,22): error C2530: “parameter”: 必须初始化引用 [D:\Workspace\myJV\build\myJV_tests.vcxproj]
D:\Workspace\myJV\Tests\param_tests.cpp(148,22): error C3531: “parameter”: 类型包含“auto”的符号必须具有初始值设定项 [D:\Workspace\myJV\build\myJV_tests.vcxproj]
D:\Workspace\myJV\Tests\param_tests.cpp(148,32): error C2143: 语法错误: 缺少“;”(在“:”的前面) [D:\Workspace\myJV\build\myJV_tests.vcxproj]
D:\Workspace\myJV\Tests\param_tests.cpp(148,40): error C2143: 语法错误: 缺少“;”(在“)”的前面) [D:\Workspace\myJV\build\myJV_tests.vcxproj]
D:\Workspace\myJV\Tests\param_tests.cpp(148,34): error C2451: 类型为“const juce::AudioProcessorValueTreeState::ParameterLayout”的条件表达式无效 [D:\Workspace\myJV\build\myJV_tests.vcxproj]
      D:\Workspace\myJV\Tests\param_tests.cpp(148,34):
      没有可用于执行该转换的用户定义的转换运算符，或者无法调用该运算符
  
D:\Workspace\myJV\Tests\param_tests.cpp(149,19): error C3536: “choice”: 初始化之前无法使用 [D:\Workspace\myJV\build\myJV_tests.vcxproj]
D:\Workspace\myJV\Tests\param_tests.cpp(164,34): error C3312: 找不到类型 "const juce::AudioProcessorValueTreeState::ParameterLayout" 的可调用 "begin" 函数 [D:\Workspace\myJV\build\myJV_tests.vcxproj]
D:\Workspace\myJV\Tests\param_tests.cpp(164,34): error C3312: 找不到类型 "const juce::AudioProcessorValueTreeState::ParameterLayout" 的可调用 "end" 函数 [D:\Workspace\myJV\build\myJV_tests.vcxproj]
D:\Workspace\myJV\Tests\param_tests.cpp(164,22): error C2530: “parameter”: 必须初始化引用 [D:\Workspace\myJV\build\myJV_tests.vcxproj]
D:\Workspace\myJV\Tests\param_tests.cpp(164,22): error C3531: “parameter”: 类型包含“auto”的符号必须具有初始值设定项 [D:\Workspace\myJV\build\myJV_tests.vcxproj]
D:\Workspace\myJV\Tests\param_tests.cpp(164,32): error C2143: 语法错误: 缺少“;”(在“:”的前面) [D:\Workspace\myJV\build\myJV_tests.vcxproj]
D:\Workspace\myJV\Tests\param_tests.cpp(164,40): error C2143: 语法错误: 缺少“;”(在“)”的前面) [D:\Workspace\myJV\build\myJV_tests.vcxproj]
D:\Workspace\myJV\Tests\param_tests.cpp(164,34): error C2451: 类型为“const juce::AudioProcessorValueTreeState::ParameterLayout”的条件表达式无效 [D:\Workspace\myJV\build\myJV_tests.vcxproj]
      D:\Workspace\myJV\Tests\param_tests.cpp(164,34):
      没有可用于执行该转换的用户定义的转换运算符，或者无法调用该运算符
  
D:\Workspace\myJV\Tests\param_tests.cpp(166,20): error C2737: “range”: 必须初始化 const 对象 [D:\Workspace\myJV\build\myJV_tests.vcxproj]
D:\Workspace\myJV\Tests\param_tests.cpp(167,28): error C3536: “range”: 初始化之前无法使用 [D:\Workspace\myJV\build\myJV_tests.vcxproj]
D:\Workspace\myJV\Tests\param_tests.cpp(167,20): error C2737: “steps”: 必须初始化 const 对象 [D:\Workspace\myJV\build\myJV_tests.vcxproj]
D:\Workspace\myJV\Tests\param_tests.cpp(168,32): error C3536: “steps”: 初始化之前无法使用 [D:\Workspace\myJV\build\myJV_tests.vcxproj]
D:\Workspace\myJV\Tests\param_tests.cpp(174,13): error C2512: “Catch::ScopedMessage::ScopedMessage”: 没有合适的默认构造函数可用 [D:\Workspace\myJV\build\myJV_tests.vcxproj]
      D:\Workspace\myJV\Tests\param_tests.cpp(174,13):
      尝试匹配参数列表“()”时
  
D:\Workspace\myJV\Tests\param_tests.cpp(191,34): error C3312: 找不到类型 "const juce::AudioProcessorValueTreeState::ParameterLayout" 的可调用 "begin" 函数 [D:\Workspace\myJV\build\myJV_tests.vcxproj]
D:\Workspace\myJV\Tests\param_tests.cpp(191,34): error C3312: 找不到类型 "const juce::AudioProcessorValueTreeState::ParameterLayout" 的可调用 "end" 函数 [D:\Workspace\myJV\build\myJV_tests.vcxproj]
D:\Workspace\myJV\Tests\param_tests.cpp(191,22): error C2530: “parameter”: 必须初始化引用 [D:\Workspace\myJV\build\myJV_tests.vcxproj]
D:\Workspace\myJV\Tests\param_tests.cpp(191,22): error C3531: “parameter”: 类型包含“auto”的符号必须具有初始值设定项 [D:\Workspace\myJV\build\myJV_tests.vcxproj]
D:\Workspace\myJV\Tests\param_tests.cpp(191,32): error C2143: 语法错误: 缺少“;”(在“:”的前面) [D:\Workspace\myJV\build\myJV_tests.vcxproj]
D:\Workspace\myJV\Tests\param_tests.cpp(191,40): error C2143: 语法错误: 缺少“;”(在“)”的前面) [D:\Workspace\myJV\build\myJV_tests.vcxproj]
D:\Workspace\myJV\Tests\param_tests.cpp(191,34): error C2451: 类型为“const juce::AudioProcessorValueTreeState::ParameterLayout”的条件表达式无效 [D:\Workspace\myJV\build\myJV_tests.vcxproj]
      D:\Workspace\myJV\Tests\param_tests.cpp(191,34):
      没有可用于执行该转换的用户定义的转换运算符，或者无法调用该运算符
  
D:\Workspace\myJV\Tests\param_tests.cpp(193,20): error C2737: “range”: 必须初始化 const 对象 [D:\Workspace\myJV\build\myJV_tests.vcxproj]
D:\Workspace\myJV\Tests\param_tests.cpp(196,36): error C3536: “range”: 初始化之前无法使用 [D:\Workspace\myJV\build\myJV_tests.vcxproj]
D:\Workspace\myJV\Tests\param_tests.cpp(198,19): error C3536: “choice”: 初始化之前无法使用 [D:\Workspace\myJV\build\myJV_tests.vcxproj]
D:\Workspace\myJV\build\_deps\juce-src\modules\juce_graphics\fonts\harfbuzz\hb-ot-layout-base-table.hh(1,1): warning C4819: 该文件包含不能在当前代码页(936)中表示的字符。请将该文件保存为 Unicode 格式以防止数据丢失 [D:\Workspace\myJV\build\myJV_tests.vcxproj]
  (编译源文件“_deps/juce-src/modules/juce_graphics/juce_graphics_Harfbuzz.cpp”)
  
D:\Workspace\myJV\build\_deps\juce-src\modules\juce_graphics\fonts\harfbuzz\hb-ot-layout.cc(814,1): warning C4819: 该文件包含不能在当前代码页(936)中表示的字符。请将该文件保存为 Unicode 格式以防止数据丢失 [D:\Workspace\myJV\build\myJV_tests.vcxproj]
  (编译源文件“_deps/juce-src/modules/juce_graphics/juce_graphics_Harfbuzz.cpp”)
  
D:\Workspace\myJV\build\_deps\juce-src\modules\juce_graphics\fonts\harfbuzz\hb-ot-layout.cc(1715,1): warning C4819: 该文件包含不能在当前代码页(936)中表示的字符。请将该文件保存为 Unicode 格式以防止数据丢失 [D:\Workspace\myJV\build\myJV_tests.vcxproj]
  (编译源文件“_deps/juce-src/modules/juce_graphics/juce_graphics_Harfbuzz.cpp”)
  
D:\Workspace\myJV\build\_deps\juce-src\modules\juce_graphics\fonts\harfbuzz\hb-ot-math.cc(1,1): warning C4819: 该文件包含不能在当前代码页(936)中表示的字符。请将该文件保存为 Unicode 格式以防止数据丢失 [D:\Workspace\myJV\build\myJV_tests.vcxproj]
  (编译源文件“_deps/juce-src/modules/juce_graphics/juce_graphics_Harfbuzz.cpp”)
  
D:\Workspace\myJV\build\_deps\juce-src\modules\juce_graphics\fonts\harfbuzz\hb-ot-shaper-indic.cc(847,1): warning C4819: 该文件包含不能在当前代码页(936)中表示的字符。请将该文件保存为 Unicode 格式以防止数据丢失 [D:\Workspace\myJV\build\myJV_tests.vcxproj]
  (编译源文件“_deps/juce-src/modules/juce_graphics/juce_graphics_Harfbuzz.cpp”)
  
D:\Workspace\myJV\build\_deps\juce-src\modules\juce_graphics\fonts\harfbuzz\hb-ot-shaper-thai.cc(1,1): warning C4819: 该文件包含不能在当前代码页(936)中表示的字符。请将该文件保存为 Unicode 格式以防止数据丢失 [D:\Workspace\myJV\build\myJV_tests.vcxproj]
  (编译源文件“_deps/juce-src/modules/juce_graphics/juce_graphics_Harfbuzz.cpp”)
  
D:\Workspace\myJV\build\_deps\juce-src\modules\juce_graphics\fonts\harfbuzz\hb-ot-tag-table.hh(380,1): warning C4819: 该文件包含不能在当前代码页(936)中表示的字符。请将该文件保存为 Unicode 格式以防止数据丢失 [D:\Workspace\myJV\build\myJV_tests.vcxproj]
  (编译源文件“_deps/juce-src/modules/juce_graphics/juce_graphics_Harfbuzz.cpp”)
  
D:\Workspace\myJV\build\_deps\juce-src\modules\juce_graphics\fonts\harfbuzz\hb-ot-tag-table.hh(1088,1): warning C4819: 该文件包含不能在当前代码页(936)中表示的字符。请将该文件保存为 Unicode 格式以防止数据丢失 [D:\Workspace\myJV\build\myJV_tests.vcxproj]
  (编译源文件“_deps/juce-src/modules/juce_graphics/juce_graphics_Harfbuzz.cpp”)
  
BUILD_EXIT=1
