适用于 .NET Framework MSBuild 版本 18.10.1-1.26427.6+3cd27c13e

  Checking File Globs
  myJV_rc_lib.vcxproj -> D:\Workspace\myJV\build\myJV_rc_lib.dir\Release\myJV_rc_lib.lib
  myJV.vcxproj -> D:\Workspace\myJV\build\myJV_artefacts\Release\myJV_SharedCode.lib
  myJV_vst3_helper.vcxproj -> D:\Workspace\myJV\build\Release\myJV_vst3_helper.exe
  myJV_VST3.vcxproj -> D:\Workspace\myJV\build\myJV_artefacts\Release\VST3\myJV.vst3\Contents\x86_64-win\myJV.vst3
  removing moduleinfo.json
  creating D:/Workspace/myJV/build/myJV_artefacts/Release/VST3/myJV.vst3
  Catch2.vcxproj -> D:\Workspace\myJV\build\_deps\catch2-build\src\Release\Catch2.lib
  Catch2WithMain.vcxproj -> D:\Workspace\myJV\build\_deps\catch2-build\src\Release\Catch2Main.lib
  myJV_Standalone.vcxproj -> D:\Workspace\myJV\build\myJV_artefacts\Release\Standalone\myJV.exe
  engine_tests.cpp
D:\Workspace\myJV\Tests\engine_tests.cpp(83,1): error C4430: 缺少类型说明符 - 假定为 int。注意: C++ 不支持默认 int [D:\Workspace\myJV\build\myJV_tests.vcxproj]
D:\Workspace\myJV\Tests\engine_tests.cpp(83,13): error C2146: 语法错误: 缺少“;”(在标识符“makeLayout”的前面) [D:\Workspace\myJV\build\myJV_tests.vcxproj]
D:\Workspace\myJV\Tests\engine_tests.cpp(84,1): error C2143: 语法错误: 缺少“;”(在“{”的前面) [D:\Workspace\myJV\build\myJV_tests.vcxproj]
D:\Workspace\myJV\Tests\engine_tests.cpp(84,1): error C2447: “{”: 缺少函数标题(是否是老式的形式表?) [D:\Workspace\myJV\build\myJV_tests.vcxproj]
D:\Workspace\myJV\Tests\engine_tests.cpp(129,5): error C3861: “makeLayout”: 找不到标识符 [D:\Workspace\myJV\build\myJV_tests.vcxproj]
D:\Workspace\myJV\Tests\engine_tests.cpp(130,5): error C3861: “makeLayout”: 找不到标识符 [D:\Workspace\myJV\build\myJV_tests.vcxproj]
D:\Workspace\myJV\Tests\engine_tests.cpp(131,5): error C3861: “makeLayout”: 找不到标识符 [D:\Workspace\myJV\build\myJV_tests.vcxproj]
D:\Workspace\myJV\Tests\engine_tests.cpp(132,5): error C3861: “makeLayout”: 找不到标识符 [D:\Workspace\myJV\build\myJV_tests.vcxproj]
D:\Workspace\myJV\Tests\engine_tests.cpp(133,5): error C3861: “makeLayout”: 找不到标识符 [D:\Workspace\myJV\build\myJV_tests.vcxproj]
D:\Workspace\myJV\Tests\engine_tests.cpp(134,5): error C3861: “makeLayout”: 找不到标识符 [D:\Workspace\myJV\build\myJV_tests.vcxproj]
D:\Workspace\myJV\Tests\engine_tests.cpp(143,9): error C3861: “makeLayout”: 找不到标识符 [D:\Workspace\myJV\build\myJV_tests.vcxproj]
D:\Workspace\myJV\Tests\engine_tests.cpp(160,9): error C3861: “makeLayout”: 找不到标识符 [D:\Workspace\myJV\build\myJV_tests.vcxproj]
D:\Workspace\myJV\Tests\engine_tests.cpp(177,9): error C3861: “makeLayout”: 找不到标识符 [D:\Workspace\myJV\build\myJV_tests.vcxproj]
D:\Workspace\myJV\Tests\engine_tests.cpp(196,5): error C3861: “makeLayout”: 找不到标识符 [D:\Workspace\myJV\build\myJV_tests.vcxproj]
