Randomness seeded to: 1919272673

~~~~~~~~~~~~~~~~~~~~~~~~~~~~~~~~~~~~~~~~~~~~~~~~~~~~~~~~~~~~~~~~~~~~~~~~~~~~~~~
myJV_tests.exe is a Catch2 v3.16.0 host application.
Run with -? for options

-------------------------------------------------------------------------------
bus buffer mapping follows the enabled output buses
  all buses enabled
-------------------------------------------------------------------------------
D:\Workspace\myJV\Tests\engine_tests.cpp(143)
...............................................................................

D:\Workspace\myJV\Tests\engine_tests.cpp(153): FAILED:
  REQUIRE( buses.r[0] == buffer.getWritePointer (1) )
with expansion:
  0x000002e975b50978 == 0x000002e975b50a78

-------------------------------------------------------------------------------
bus buffer mapping follows the enabled output buses
  Out1 disabled
-------------------------------------------------------------------------------
D:\Workspace\myJV\Tests\engine_tests.cpp(160)
...............................................................................

D:\Workspace\myJV\Tests\engine_tests.cpp(170): FAILED:
  REQUIRE( buses.r[0] == buffer.getWritePointer (1) )
with expansion:
  0x000002e975b63788 == 0x000002e975b63888

-------------------------------------------------------------------------------
bus buffer mapping follows the enabled output buses
  Out1 and Out2 disabled
-------------------------------------------------------------------------------
D:\Workspace\myJV\Tests\engine_tests.cpp(177)
...............................................................................

D:\Workspace\myJV\Tests\engine_tests.cpp(187): FAILED:
  REQUIRE( buses.r[0] == buffer.getWritePointer (1) )
with expansion:
  0x000002e975b222e8 == 0x000002e975b223e8

===============================================================================
test cases:    19 |    18 passed | 1 failed
assertions: 60554 | 60551 passed | 3 failed

